1-role-1280x800.png  screen=screen-auth innerWidth=1280 overflowX=0
help-1-walkthrough-1280x800.png  screen=screen-auth innerWidth=1280 overflowX=0
help-2-roles-1280x800.png  screen=screen-auth innerWidth=1280 overflowX=0
help-3-whats-simulated-1280x800.png  screen=screen-auth innerWidth=1280 overflowX=0
help-4-why-1280x800.png  screen=screen-auth innerWidth=1280 overflowX=0
1-role-architect-picked-1280x800.png  screen=screen-auth innerWidth=1280 overflowX=0
2-project-1280x800.png  screen=screen-project innerWidth=1280 overflowX=0
3-plan-before-file-toast-1280x800.png  screen=screen-upload innerWidth=1280 overflowX=0
3-plan-before-file-1280x800.png  screen=screen-upload innerWidth=1280 overflowX=0
3-plan-reading-1280x800.png  screen=screen-upload innerWidth=1280 overflowX=0
3-plan-result-1280x800.png  screen=screen-upload innerWidth=1280 overflowX=0
4-edit-1280x800.png  screen=screen-editor innerWidth=1280 overflowX=0
4-edit-render-style-toast-1280x800.png  screen=screen-editor innerWidth=1280 overflowX=0
4-edit-3d-1280x800.png  screen=screen-editor innerWidth=1280 overflowX=0
5-parts-list-1280x800.png  screen=screen-bom innerWidth=1280 overflowX=0
5-parts-list-export-toast-1280x800.png  screen=screen-bom innerWidth=1280 overflowX=0
5-start-over-confirm-1280x800.png  screen=screen-bom innerWidth=1280 overflowX=0
  page errors (1280x800): []
1-role-375.png  screen=screen-auth innerWidth=375 overflowX=0
help-1-walkthrough-375.png  screen=screen-auth innerWidth=375 overflowX=0
help-2-roles-375.png  screen=screen-auth innerWidth=375 overflowX=0
help-3-whats-simulated-375.png  screen=screen-auth innerWidth=375 overflowX=0
help-4-why-375.png  screen=screen-auth innerWidth=375 overflowX=0
1-role-architect-picked-375.png  screen=screen-auth innerWidth=375 overflowX=0
2-project-375.png  screen=screen-project innerWidth=375 overflowX=0
3-plan-before-file-toast-375.png  screen=screen-upload innerWidth=375 overflowX=0
3-plan-before-file-375.png  screen=screen-upload innerWidth=375 overflowX=0
3-plan-reading-375.png  screen=screen-upload innerWidth=375 overflowX=0
3-plan-result-375.png  screen=screen-upload innerWidth=375 overflowX=0
4-edit-375.png  screen=screen-editor innerWidth=375 overflowX=0
4-edit-render-style-toast-375.png  screen=screen-editor innerWidth=375 overflowX=0
4-edit-3d-375.png  screen=screen-editor innerWidth=375 overflowX=0
5-parts-list-375.png  screen=screen-bom innerWidth=375 overflowX=0
5-parts-list-export-toast-375.png  screen=screen-bom innerWidth=375 overflowX=0
5-start-over-confirm-375.png  screen=screen-bom innerWidth=375 overflowX=0
  page errors (375): []
