{
 "label": "final",
 "base": "http://127.0.0.1:18781/",
 "when": "2026-10-05T13:39:55.935Z",
 "arrival_1440x900": {
  "f8": {
   "inRoomFloorPct": 16.1,
   "wallPct": 16.3,
   "elevationDeg": 45
  },
  "coverage": {
   "canvas": [
    1050,
    763
   ],
   "floorAreaOnScreenPct": 100,
   "floorAreaVisiblePct": 100,
   "cornersOnScreen": "4/4",
   "roomCentreRaycast": {
    "kind": "floor",
    "x": -0.001,
    "z": -0.001
   },
   "camera": [
    4.94,
    8.75,
    6.04
   ],
   "target": [
    0,
    0.94,
    0
   ],
   "camDist": 11.04,
   "walls": 4,
   "hiddenWalls": 2,
   "ceilingVisible": false,
   "mode": "room"
  }
 },
 "arrival_1440x900_small-bedroom": {
  "f8": {
   "inRoomFloorPct": 11.1,
   "wallPct": 19.3,
   "elevationDeg": 45
  },
  "coverage": {
   "canvas": [
    1050,
    763
   ],
   "floorAreaOnScreenPct": 100,
   "floorAreaVisiblePct": 100,
   "cornersOnScreen": "4/4",
   "roomCentreRaycast": {
    "kind": "floor",
    "x": -0.001,
    "z": -0.001
   },
   "camera": [
    3.82,
    6.98,
    4.67
   ],
   "target": [
    0,
    0.94,
    0
   ],
   "camDist": 8.54,
   "walls": 4,
   "hiddenWalls": 2,
   "ceilingVisible": false,
   "mode": "room"
  }
 },
 "arrival_1440x900_studio": {
  "f8": {
   "inRoomFloorPct": 15.2,
   "wallPct": 16.6,
   "elevationDeg": 45
  },
  "coverage": {
   "canvas": [
    1050,
    763
   ],
   "floorAreaOnScreenPct": 100,
   "floorAreaVisiblePct": 100,
   "cornersOnScreen": "4/4",
   "roomCentreRaycast": {
    "kind": "floor",
    "x": -0.001,
    "z": -0.001
   },
   "camera": [
    5.35,
    9.4,
    6.54
   ],
   "target": [
    0,
    0.94,
    0
   ],
   "camDist": 11.96,
   "walls": 4,
   "hiddenWalls": 2,
   "ceilingVisible": false,
   "mode": "room"
  }
 },
 "arrival_375x812": {
  "f8": {
   "inRoomFloorPct": 15.2,
   "wallPct": 15.9,
   "elevationDeg": 45
  },
  "coverage": {
   "canvas": [
    341,
    453
   ],
   "floorAreaOnScreenPct": 100,
   "floorAreaVisiblePct": 100,
   "cornersOnScreen": "4/4",
   "roomCentreRaycast": {
    "kind": "floor",
    "x": -0.001,
    "z": -0.001
   },
   "camera": [
    6.82,
    11.72,
    8.34
   ],
   "target": [
    0,
    0.94,
    0
   ],
   "camDist": 15.23,
   "walls": 4,
   "hiddenWalls": 2,
   "ceilingVisible": false,
   "mode": "room"
  }
 },
 "contrast_arrival": {
  "cellCounts": {
   "floorIn": 79,
   "wall": 160,
   "none": 653
  },
  "studio-soft": {
   "w12_first60": {
    "floor": "#b4a899",
    "wall": "#dddcd9",
    "background": "#eeefef",
    "floorVsWall": 1.7,
    "floorVsBackground": 2.02,
    "wallVsBackground": 1.19
   },
   "allCells": {
    "floor": "#b4a899",
    "wall": "#deddda",
    "background": "#f1f1f1",
    "floorVsWall": 1.72,
    "floorVsBackground": 2.07,
    "wallVsBackground": 1.2
   }
  },
  "warm-interior": {
   "w12_first60": {
    "floor": "#826d57",
    "wall": "#bdb4a8",
    "background": "#ede7e0",
    "floorVsWall": 2.4,
    "floorVsBackground": 4,
    "wallVsBackground": 1.67
   },
   "allCells": {
    "floor": "#876f59",
    "wall": "#c0b6aa",
    "background": "#eee7dd",
    "floorVsWall": 2.36,
    "floorVsBackground": 3.85,
    "wallVsBackground": 1.63
   }
  },
  "neutral": {
   "w12_first60": {
    "floor": "#7d7060",
    "wall": "#bfbdb8",
    "background": "#f9f9fa",
    "floorVsWall": 2.57,
    "floorVsBackground": 4.58,
    "wallVsBackground": 1.78
   },
   "allCells": {
    "floor": "#7d7060",
    "wall": "#bebcb7",
    "background": "#fdfdfd",
    "floorVsWall": 2.54,
    "floorVsBackground": 4.74,
    "wallVsBackground": 1.87
   }
  }
 },
 "contrast_w12_orbit100": {
  "cellCounts": {
   "floorIn": 96,
   "wall": 154,
   "none": 626
  },
  "studio-soft": {
   "w12_first60": {
    "floor": "#afa394",
    "wall": "#dcd9d6",
    "background": "#eeefef",
    "floorVsWall": 1.76,
    "floorVsBackground": 2.15,
    "wallVsBackground": 1.22
   },
   "allCells": {
    "floor": "#ada192",
    "wall": "#d0ceca",
    "background": "#f1f1f1",
    "floorVsWall": 1.61,
    "floorVsBackground": 2.24,
    "wallVsBackground": 1.39
   }
  },
  "warm-interior": {
   "w12_first60": {
    "floor": "#7a6956",
    "wall": "#bcb2a6",
    "background": "#ede7e0",
    "floorVsWall": 2.53,
    "floorVsBackground": 4.3,
    "wallVsBackground": 1.7
   },
   "allCells": {
    "floor": "#7a6956",
    "wall": "#baae9f",
    "background": "#efe7dd",
    "floorVsWall": 2.42,
    "floorVsBackground": 4.3,
    "wallVsBackground": 1.78
   }
  },
  "neutral": {
   "w12_first60": {
    "floor": "#685c4e",
    "wall": "#bfbcb7",
    "background": "#f9f9fa",
    "floorVsWall": 3.43,
    "floorVsBackground": 6.18,
    "wallVsBackground": 1.8
   },
   "allCells": {
    "floor": "#625749",
    "wall": "#b8b5b0",
    "background": "#fdfdfd",
    "floorVsWall": 3.45,
    "floorVsBackground": 6.93,
    "wallVsBackground": 2.01
   }
  }
 }
}
