--- #catalog-card, closed ---
- heading "Product" [level=2]
- button "Product Lounge chair (demo)": Lounge chair (demo) Product
- paragraph
- button "Add test upload"
PASS a11y: closed card exposes one button named "Product Lounge chair (demo)" and no combobox (the select is hidden from the tree) :: - heading "Product" [level=2] | - button "Product Lounge chair (demo)": Lounge chair (demo) Product | - paragraph | - button "Add test upload"
--- wall popup ---
- dialog "Wall material":
  - text: Wall material
  - radiogroup "View":
    - radio "Thumbnails" [checked]
    - radio "List"
  - button "Close"
  - radiogroup "Category":
    - radio "All" [checked]
    - radio "wood"
    - radio "plastic"
    - radio "textile"
    - radio "stone"
    - radio "metal"
  - listbox "Wall material":
    - option "Default" [selected]
    - option "Natural oak"
    - option "Walnut"
    - option "Black stained ash"
    - option "Matte black PP"
    - option "Gloss white ABS"
    - option "Sage PP"
    - option "Wool — cream"
    - option "Wool — terracotta"
    - option "Wool — forest"
    - option "White marble"
    - option "Brushed brass"
    - option "Powder-coat black"
    - option "Chrome"
PASS a11y: popup is a dialog named by its title, with a View radiogroup, a group radiogroup, and a listbox of options with one selected :: see console
PASS a11y: trigger aria-expanded is true while open :: true
PASS focus ring: a keyboard-focused tile has a 2px solid accent outline :: {"el":"wood-oak","outline":"2px solid rgb(0, 128, 96)","focusVisible":true}
PASS modal dialog: showModal() closes an open picker and aria-expanded follows :: {"popupOpen":false,"expanded":"false"}
PASS CSS order: with src/styles.css loaded after the picker CSS, the measured picker styles are identical :: {"sheetOrder":["picker css","styles.css"],"before":{"select":[1,36],"viewButton":["32px","6px","12px","nowrap"],"viewToggleCols":2,"searchFlex":"100%","trigger":[310,36],"popupWidth":520,"popupDisplay":"flex"},"after":{"select":[1,36],"viewButton":["32px","6px","12px","nowrap"],"viewToggleCols":2,"searchFlex":"100%","trigger":[310,36],"popupWidth":520,"popupDisplay":"flex"}}
PASS contrast: every text pair the picker adds is >= 4.5:1 :: {"name (--text) on selected fill (--accent-soft)":11.35,"sublabel (--text-muted) on selected fill":5.33,"sublabel (--text-muted) on white":6.19,"sublabel (--text-muted) on hover fill":5.78,"sublabel (--text-muted) on pressed fill (--bg)":5.48,"checked group tab text (--text) on --accent-soft":11.35,"selected border / check badge (--accent) on white":4.93,"selected border (--accent) against its own fill (--accent-soft)":4.24,"white check on the accent badge":4.93,"focus ring (--accent) on white":4.93,"trigger / popup border (--border-strong) on white [same token as .select]":1.61}
PASS no page errors :: []
all extra checks passed
